21:18:05.864184 exec-cmd.c:145          trace: resolved executable path from Darwin stack: /Library/Developer/CommandLineTools/usr/bin/git
21:18:05.864634 exec-cmd.c:267          trace: resolved executable dir: /Library/Developer/CommandLineTools/usr/bin
21:18:05.865302 git.c:476               trace: built-in: git push -u origin main
21:18:05.866456 run-command.c:673       trace: run_command: GIT_DIR=.git git remote-https origin https://github.com/krj250907/Movie-Recommendation-System.git
21:18:05.866476 run-command.c:765       trace: start_command: /Library/Developer/CommandLineTools/usr/libexec/git-core/git remote-https origin https://github.com/krj250907/Movie-Recommendation-System.git
21:18:05.874324 exec-cmd.c:145          trace: resolved executable path from Darwin stack: /Library/Developer/CommandLineTools/usr/libexec/git-core/git
21:18:05.874650 exec-cmd.c:267          trace: resolved executable dir: /Library/Developer/CommandLineTools/usr/libexec/git-core
21:18:05.875120 git.c:773               trace: exec: git-remote-https origin https://github.com/krj250907/Movie-Recommendation-System.git
21:18:05.875136 run-command.c:673       trace: run_command: git-remote-https origin https://github.com/krj250907/Movie-Recommendation-System.git
21:18:05.875158 run-command.c:765       trace: start_command: /Library/Developer/CommandLineTools/usr/libexec/git-core/git-remote-https origin https://github.com/krj250907/Movie-Recommendation-System.git
21:18:05.881863 exec-cmd.c:145          trace: resolved executable path from Darwin stack: /Library/Developer/CommandLineTools/usr/libexec/git-core/git-remote-https
21:18:05.882178 exec-cmd.c:267          trace: resolved executable dir: /Library/Developer/CommandLineTools/usr/libexec/git-core
21:18:05.886703 http.c:889              == Info: Couldn't find host github.com in the .netrc file; using defaults
21:18:05.994847 http.c:889              == Info: Host github.com:443 was resolved.
21:18:05.994864 http.c:889              == Info: IPv6: (none)
21:18:05.994870 http.c:889              == Info: IPv4: 20.207.73.82
21:18:05.994890 http.c:889              == Info:   Trying 20.207.73.82:443...
21:18:06.102898 http.c:889              == Info: Connected to github.com (20.207.73.82) port 443
21:18:06.103140 http.c:889              == Info: ALPN: curl offers http/1.1
21:18:06.103625 http.c:889              == Info: (304) (OUT), TLS handshake, Client hello (1):
21:18:06.110364 http.c:889              == Info:  CAfile: /etc/ssl/cert.pem
21:18:06.110406 http.c:889              == Info:  CApath: none
21:18:06.217530 http.c:889              == Info: (304) (IN), TLS handshake, Server hello (2):
21:18:06.218139 http.c:889              == Info: (304) (IN), TLS handshake, Unknown (8):
21:18:06.218238 http.c:889              == Info: (304) (IN), TLS handshake, Certificate (11):
21:18:06.223289 http.c:889              == Info: (304) (IN), TLS handshake, CERT verify (15):
21:18:06.223631 http.c:889              == Info: (304) (IN), TLS handshake, Finished (20):
21:18:06.223761 http.c:889              == Info: (304) (OUT), TLS handshake, Finished (20):
21:18:06.223781 http.c:889              == Info: SSL connection using TLSv1.3 / AEAD-CHACHA20-POLY1305-SHA256 / [blank] / UNDEF
21:18:06.223792 http.c:889              == Info: ALPN: server accepted http/1.1
21:18:06.223802 http.c:889              == Info: Server certificate:
21:18:06.223815 http.c:889              == Info:  subject: CN=github.com
21:18:06.223825 http.c:889              == Info:  start date: Jul  3 00:00:00 2026 GMT
21:18:06.223832 http.c:889              == Info:  expire date: Sep 30 23:59:59 2026 GMT
21:18:06.223848 http.c:889              == Info:  subjectAltName: host "github.com" matched cert's "github.com"
21:18:06.223864 http.c:889              == Info:  issuer: C=GB; O=Sectigo Limited; CN=Sectigo Public Server Authentication CA DV E36
21:18:06.223871 http.c:889              == Info:  SSL certificate verify ok.
21:18:06.223879 http.c:889              == Info: using HTTP/1.x
21:18:06.223931 http.c:836              => Send header, 0000000199 bytes (0x000000c7)
21:18:06.223959 http.c:848              => Send header: GET /krj250907/Movie-Recommendation-System.git/info/refs?service=git-receive-pack HTTP/1.1
21:18:06.223964 http.c:848              => Send header: Host: github.com
21:18:06.223969 http.c:848              => Send header: User-Agent: git/2.50.1
21:18:06.223973 http.c:848              => Send header: Accept: */*
21:18:06.223978 http.c:848              => Send header: Accept-Encoding: deflate, gzip
21:18:06.223982 http.c:848              => Send header: Pragma: no-cache
21:18:06.223986 http.c:848              => Send header:
21:18:06.223996 http.c:889              == Info: Request completely sent off
21:18:06.868308 http.c:836              <= Recv header, 0000000027 bytes (0x0000001b)
21:18:06.868438 http.c:848              <= Recv header: HTTP/1.1 401 Unauthorized
21:18:06.868452 http.c:836              <= Recv header, 0000000026 bytes (0x0000001a)
21:18:06.868458 http.c:848              <= Recv header: Server: GitHub-Babel/3.0
21:18:06.868466 http.c:836              <= Recv header, 0000000054 bytes (0x00000036)
21:18:06.868472 http.c:848              <= Recv header: Content-Security-Policy: default-src 'none'; sandbox
21:18:06.868478 http.c:836              <= Recv header, 0000000041 bytes (0x00000029)
21:18:06.868484 http.c:848              <= Recv header: Content-Type: text/plain; charset=UTF-8
21:18:06.868489 http.c:836              <= Recv header, 0000000040 bytes (0x00000028)
21:18:06.868494 http.c:848              <= Recv header: www-authenticate: Basic realm="GitHub"
21:18:06.868499 http.c:836              <= Recv header, 0000000020 bytes (0x00000014)
21:18:06.868504 http.c:848              <= Recv header: Content-Length: 26
21:18:06.868508 http.c:836              <= Recv header, 0000000037 bytes (0x00000025)
21:18:06.868512 http.c:848              <= Recv header: Date: Sat, 04 Jul 2026 15:48:06 GMT
21:18:06.868516 http.c:836              <= Recv header, 0000000023 bytes (0x00000017)
21:18:06.868521 http.c:848              <= Recv header: X-Frame-Options: DENY
21:18:06.868525 http.c:836              <= Recv header, 0000000073 bytes (0x00000049)
21:18:06.868529 http.c:848              <= Recv header: Strict-Transport-Security: max-age=31536000; includeSubDomains; preload
21:18:06.868534 http.c:836              <= Recv header, 0000000057 bytes (0x00000039)
21:18:06.868537 http.c:848              <= Recv header: X-GitHub-Request-Id: BC2E:3BF169:2B18FE:32AD0C:6A492B36
21:18:06.868542 http.c:836              <= Recv header, 0000000002 bytes (0x00000002)
21:18:06.868545 http.c:848              <= Recv header:
21:18:06.868559 http.c:889              == Info: Connection #0 to host github.com left intact
21:18:06.868598 run-command.c:673       trace: run_command: 'git credential-osxkeychain get'
21:18:06.868608 run-command.c:765       trace: start_command: /bin/sh -c 'git credential-osxkeychain get' 'git credential-osxkeychain get'
21:18:06.882721 exec-cmd.c:145          trace: resolved executable path from Darwin stack: /Library/Developer/CommandLineTools/usr/libexec/git-core/git
21:18:06.883438 exec-cmd.c:267          trace: resolved executable dir: /Library/Developer/CommandLineTools/usr/libexec/git-core
21:18:06.884078 git.c:773               trace: exec: git-credential-osxkeychain get
21:18:06.884098 run-command.c:673       trace: run_command: git-credential-osxkeychain get
21:18:06.884127 run-command.c:765       trace: start_command: /Library/Developer/CommandLineTools/usr/libexec/git-core/git-credential-osxkeychain get
21:18:06.907002 http.c:889              == Info: Found bundle for host: 0xbb8c48210 [serially]
21:18:06.907054 http.c:889              == Info: Re-using existing connection with host github.com
21:18:06.907073 http.c:889              == Info: Server auth using Basic with user '299580870'
21:18:06.907203 http.c:836              => Send header, 0000000290 bytes (0x00000122)
21:18:06.907216 http.c:848              => Send header: GET /krj250907/Movie-Recommendation-System.git/info/refs?service=git-receive-pack HTTP/1.1
21:18:06.907224 http.c:848              => Send header: Host: github.com
21:18:06.907247 http.c:848              => Send header: Authorization: Basic <redacted>
21:18:06.907252 http.c:848              => Send header: User-Agent: git/2.50.1
21:18:06.907255 http.c:848              => Send header: Accept: */*
21:18:06.907258 http.c:848              => Send header: Accept-Encoding: deflate, gzip
21:18:06.907261 http.c:848              => Send header: Pragma: no-cache
21:18:06.907264 http.c:848              => Send header:
21:18:06.907272 http.c:889              == Info: Request completely sent off
21:18:07.442135 http.c:836              <= Recv header, 0000000017 bytes (0x00000011)
21:18:07.442208 http.c:848              <= Recv header: HTTP/1.1 200 OK
21:18:07.442229 http.c:836              <= Recv header, 0000000026 bytes (0x0000001a)
21:18:07.442237 http.c:848              <= Recv header: Server: GitHub-Babel/3.0
21:18:07.442251 http.c:836              <= Recv header, 0000000060 bytes (0x0000003c)
21:18:07.442259 http.c:848              <= Recv header: Content-Type: application/x-git-receive-pack-advertisement
21:18:07.442268 http.c:836              <= Recv header, 0000000054 bytes (0x00000036)
21:18:07.442275 http.c:848              <= Recv header: Content-Security-Policy: default-src 'none'; sandbox
21:18:07.442281 http.c:836              <= Recv header, 0000000040 bytes (0x00000028)
21:18:07.442289 http.c:848              <= Recv header: expires: Fri, 01 Jan 1980 00:00:00 GMT
21:18:07.442296 http.c:836              <= Recv header, 0000000018 bytes (0x00000012)
21:18:07.442303 http.c:848              <= Recv header: pragma: no-cache
21:18:07.442309 http.c:836              <= Recv header, 0000000053 bytes (0x00000035)
21:18:07.442314 http.c:848              <= Recv header: Cache-Control: no-cache, max-age=0, must-revalidate
21:18:07.442321 http.c:836              <= Recv header, 0000000023 bytes (0x00000017)
21:18:07.442326 http.c:848              <= Recv header: Vary: Accept-Encoding
21:18:07.442339 http.c:836              <= Recv header, 0000000028 bytes (0x0000001c)
21:18:07.442346 http.c:848              <= Recv header: Transfer-Encoding: chunked
21:18:07.442352 http.c:836              <= Recv header, 0000000037 bytes (0x00000025)
21:18:07.442358 http.c:848              <= Recv header: Date: Sat, 04 Jul 2026 15:48:07 GMT
21:18:07.442364 http.c:836              <= Recv header, 0000000023 bytes (0x00000017)
21:18:07.442370 http.c:848              <= Recv header: X-Frame-Options: DENY
21:18:07.442376 http.c:836              <= Recv header, 0000000073 bytes (0x00000049)
21:18:07.442384 http.c:848              <= Recv header: Strict-Transport-Security: max-age=31536000; includeSubDomains; preload
21:18:07.442390 http.c:836              <= Recv header, 0000000057 bytes (0x00000039)
21:18:07.442396 http.c:848              <= Recv header: X-GitHub-Request-Id: BC2E:3BF169:2B19CD:32AE09:6A492B36
21:18:07.442402 http.c:836              <= Recv header, 0000000002 bytes (0x00000002)
21:18:07.442407 http.c:848              <= Recv header:
21:18:07.442443 http.c:889              == Info: Connection #0 to host github.com left intact
21:18:07.442472 run-command.c:673       trace: run_command: 'git credential-osxkeychain store'
21:18:07.442484 run-command.c:765       trace: start_command: /bin/sh -c 'git credential-osxkeychain store' 'git credential-osxkeychain store'
21:18:07.459646 exec-cmd.c:145          trace: resolved executable path from Darwin stack: /Library/Developer/CommandLineTools/usr/libexec/git-core/git
21:18:07.460153 exec-cmd.c:267          trace: resolved executable dir: /Library/Developer/CommandLineTools/usr/libexec/git-core
21:18:07.460732 git.c:773               trace: exec: git-credential-osxkeychain store
21:18:07.460750 run-command.c:673       trace: run_command: git-credential-osxkeychain store
21:18:07.460772 run-command.c:765       trace: start_command: /Library/Developer/CommandLineTools/usr/libexec/git-core/git-credential-osxkeychain store
21:18:07.467123 run-command.c:673       trace: run_command: git send-pack --stateless-rpc --helper-status --thin --no-progress https://github.com/krj250907/Movie-Recommendation-System.git/ --stdin
21:18:07.467180 run-command.c:765       trace: start_command: /Library/Developer/CommandLineTools/usr/libexec/git-core/git send-pack --stateless-rpc --helper-status --thin --no-progress https://github.com/krj250907/Movie-Recommendation-System.git/ --stdin
21:18:07.472574 exec-cmd.c:145          trace: resolved executable path from Darwin stack: /Library/Developer/CommandLineTools/usr/libexec/git-core/git
21:18:07.472897 exec-cmd.c:267          trace: resolved executable dir: /Library/Developer/CommandLineTools/usr/libexec/git-core
21:18:07.473539 git.c:476               trace: built-in: git send-pack --stateless-rpc --helper-status --thin --no-progress https://github.com/krj250907/Movie-Recommendation-System.git/ --stdin
21:18:07.474607 run-command.c:673       trace: run_command: git pack-objects --all-progress-implied --revs --stdout --thin --delta-base-offset -q
21:18:07.474629 run-command.c:765       trace: start_command: /Library/Developer/CommandLineTools/usr/libexec/git-core/git pack-objects --all-progress-implied --revs --stdout --thin --delta-base-offset -q
21:18:07.481282 exec-cmd.c:145          trace: resolved executable path from Darwin stack: /Library/Developer/CommandLineTools/usr/libexec/git-core/git
21:18:07.481603 exec-cmd.c:267          trace: resolved executable dir: /Library/Developer/CommandLineTools/usr/libexec/git-core
21:18:07.482278 git.c:476               trace: built-in: git pack-objects --all-progress-implied --revs --stdout --thin --delta-base-offset -q
21:18:07.963288 http.c:889              == Info: Found bundle for host: 0xbb8c48210 [serially]
21:18:07.963343 http.c:889              == Info: Re-using existing connection with host github.com
21:18:07.963361 http.c:889              == Info: Server auth using Basic with user '299580870'
21:18:07.963738 http.c:836              => Send header, 0000000370 bytes (0x00000172)
21:18:07.963754 http.c:848              => Send header: POST /krj250907/Movie-Recommendation-System.git/git-receive-pack HTTP/1.1
21:18:07.963759 http.c:848              => Send header: Host: github.com
21:18:07.963763 http.c:848              => Send header: Authorization: Basic <redacted>
21:18:07.963767 http.c:848              => Send header: User-Agent: git/2.50.1
21:18:07.963771 http.c:848              => Send header: Accept-Encoding: deflate, gzip
21:18:07.963774 http.c:848              => Send header: Content-Type: application/x-git-receive-pack-request
21:18:07.963777 http.c:848              => Send header: Accept: application/x-git-receive-pack-result
21:18:07.963780 http.c:848              => Send header: Content-Length: 116421243
21:18:07.963784 http.c:848              => Send header:
